  kept             1
== __repl__ ==
; 9 bytes, 1 constant, 0 caches
0000     1  OP_INT                 1
0003     |  OP_INT                 2
0006     |  OP_ADD
0007     |  OP_POP
0008     |  OP_RETURN_NULL

session reset
  (no bindings yet)
== __repl__ ==
; 9 bytes, 1 constant, 0 caches
0000     1  OP_INT                 1
0003     |  OP_INT                 2
0006     |  OP_ADD
0007     |  OP_POP
0008     |  OP_RETURN_NULL

