4
starts with a digit
99
starts with a digit
method 'unlock' of class 'Vault' is private
method 'hint' of class 'Vault' is protected
method 'issued' of class 'Vault' is private
method 'unlock' of class 'Vault' is private
method 'unlock' of class 'Vault' is private
opened
method 'note' of class 'Sealed' is private
10.0
50.0
method 'raw' of class 'Temp' is private
method 'raw' of class 'Temp' is private
